Component: ARM Compiler 5.06 update 7 (build 960) Tool: armlink [4d3601]

==============================================================================

Image Symbol Table

    Local Symbols

    Symbol Name                              Value     Ov Type        Size  Object(Section)

    RESET                                    0x00000000   Section      192  startup_cw32l031.o(RESET)
    ../clib/microlib/division.c              0x00000000   Number         0  uidiv.o ABSOLUTE
    ../clib/microlib/division.c              0x00000000   Number         0  ldiv.o ABSOLUTE
    ../clib/microlib/division.c              0x00000000   Number         0  uldiv.o ABSOLUTE
    ../clib/microlib/init/entry.s            0x00000000   Number         0  entry10a.o ABSOLUTE
    ../clib/microlib/init/entry.s            0x00000000   Number         0  entry9b.o ABSOLUTE
    ../clib/microlib/init/entry.s            0x00000000   Number         0  entry9a.o ABSOLUTE
    ../clib/microlib/init/entry.s            0x00000000   Number         0  entry8b.o ABSOLUTE
    ../clib/microlib/init/entry.s            0x00000000   Number         0  entry8a.o ABSOLUTE
    ../clib/microlib/init/entry.s            0x00000000   Number         0  entry7b.o ABSOLUTE
    ../clib/microlib/init/entry.s            0x00000000   Number         0  entry12a.o ABSOLUTE
    ../clib/microlib/init/entry.s            0x00000000   Number         0  entry7a.o ABSOLUTE
    ../clib/microlib/init/entry.s            0x00000000   Number         0  entry5.o ABSOLUTE
    ../clib/microlib/init/entry.s            0x00000000   Number         0  entry2.o ABSOLUTE
    ../clib/microlib/init/entry.s            0x00000000   Number         0  entry.o ABSOLUTE
    ../clib/microlib/init/entry.s            0x00000000   Number         0  entry12b.o ABSOLUTE
    ../clib/microlib/init/entry.s            0x00000000   Number         0  entry11b.o ABSOLUTE
    ../clib/microlib/init/entry.s            0x00000000   Number         0  entry11a.o ABSOLUTE
    ../clib/microlib/init/entry.s            0x00000000   Number         0  entry10b.o ABSOLUTE
    ../clib/microlib/longlong.c              0x00000000   Number         0  llushr.o ABSOLUTE
    ../clib/microlib/longlong.c              0x00000000   Number         0  llshl.o ABSOLUTE
    ..\..\IdeSupport\MDK\startup_cw32l031.s  0x00000000   Number         0  startup_cw32l031.o ABSOLUTE
    ..\..\Libraries\src\cw32l031_flash.c     0x00000000   Number         0  cw32l031_flash.o ABSOLUTE
    ..\..\Libraries\src\cw32l031_gpio.c      0x00000000   Number         0  cw32l031_gpio.o ABSOLUTE
    ..\..\Libraries\src\cw32l031_rcc.c       0x00000000   Number         0  cw32l031_rcc.o ABSOLUTE
    ..\..\Libraries\src\system_cw32l031.c    0x00000000   Number         0  system_cw32l031.o ABSOLUTE
    ..\USER\src\interrupts_cw32l031.c        0x00000000   Number         0  interrupts_cw32l031.o ABSOLUTE
    ..\USER\src\main.c                       0x00000000   Number         0  main.o ABSOLUTE
    ..\\..\\Libraries\\src\\cw32l031_flash.c 0x00000000   Number         0  cw32l031_flash.o ABSOLUTE
    ..\\..\\Libraries\\src\\cw32l031_gpio.c  0x00000000   Number         0  cw32l031_gpio.o ABSOLUTE
    ..\\..\\Libraries\\src\\cw32l031_rcc.c   0x00000000   Number         0  cw32l031_rcc.o ABSOLUTE
    ..\\..\\Libraries\\src\\system_cw32l031.c 0x00000000   Number         0  system_cw32l031.o ABSOLUTE
    ..\\USER\\src\\main.c                    0x00000000   Number         0  main.o ABSOLUTE
    dc.s                                     0x00000000   Number         0  dc.o ABSOLUTE
    handlers.s                               0x00000000   Number         0  handlers.o ABSOLUTE
    init.s                                   0x00000000   Number         0  init.o ABSOLUTE
    .ARM.Collect$$$$00000000                 0x000000c0   Section        0  entry.o(.ARM.Collect$$$$00000000)
    .ARM.Collect$$$$00000001                 0x000000c0   Section        4  entry2.o(.ARM.Collect$$$$00000001)
    .ARM.Collect$$$$00000004                 0x000000c4   Section        4  entry5.o(.ARM.Collect$$$$00000004)
    .ARM.Collect$$$$00000008                 0x000000c8   Section        0  entry7b.o(.ARM.Collect$$$$00000008)
    .ARM.Collect$$$$0000000A                 0x000000c8   Section        0  entry8b.o(.ARM.Collect$$$$0000000A)
    .ARM.Collect$$$$0000000B                 0x000000c8   Section        8  entry9a.o(.ARM.Collect$$$$0000000B)
    .ARM.Collect$$$$0000000E                 0x000000d0   Section        4  entry12b.o(.ARM.Collect$$$$0000000E)
    .ARM.Collect$$$$0000000F                 0x000000d4   Section        0  entry10a.o(.ARM.Collect$$$$0000000F)
    .ARM.Collect$$$$00000011                 0x000000d4   Section        0  entry11a.o(.ARM.Collect$$$$00000011)
    .ARM.Collect$$$$00002712                 0x000000d4   Section        4  entry2.o(.ARM.Collect$$$$00002712)
    __lit__00000000                          0x000000d4   Data           4  entry2.o(.ARM.Collect$$$$00002712)
    .text                                    0x000000d8   Section       40  startup_cw32l031.o(.text)
    .text                                    0x00000100   Section       36  init.o(.text)
    i.ADC_IRQHandler                         0x00000124   Section        0  interrupts_cw32l031.o(i.ADC_IRQHandler)
    i.ATIM_IRQHandler                        0x00000126   Section        0  interrupts_cw32l031.o(i.ATIM_IRQHandler)
    i.AWT_IRQHandler                         0x00000128   Section        0  interrupts_cw32l031.o(i.AWT_IRQHandler)
    i.BTIM1_IRQHandler                       0x0000012a   Section        0  interrupts_cw32l031.o(i.BTIM1_IRQHandler)
    i.BTIM2_IRQHandler                       0x0000012c   Section        0  interrupts_cw32l031.o(i.BTIM2_IRQHandler)
    i.BTIM3_IRQHandler                       0x0000012e   Section        0  interrupts_cw32l031.o(i.BTIM3_IRQHandler)
    i.DMACH1_IRQHandler                      0x00000130   Section        0  interrupts_cw32l031.o(i.DMACH1_IRQHandler)
    i.DMACH23_IRQHandler                     0x00000132   Section        0  interrupts_cw32l031.o(i.DMACH23_IRQHandler)
    i.DMACH4_IRQHandler                      0x00000134   Section        0  interrupts_cw32l031.o(i.DMACH4_IRQHandler)
    i.FAULT_IRQHandler                       0x00000136   Section        0  interrupts_cw32l031.o(i.FAULT_IRQHandler)
    i.FLASHRAM_IRQHandler                    0x00000138   Section        0  interrupts_cw32l031.o(i.FLASHRAM_IRQHandler)
    i.GPIOA_IRQHandler                       0x0000013a   Section        0  interrupts_cw32l031.o(i.GPIOA_IRQHandler)
    i.GPIOB_IRQHandler                       0x0000013c   Section        0  interrupts_cw32l031.o(i.GPIOB_IRQHandler)
    i.GPIOC_IRQHandler                       0x0000013e   Section        0  interrupts_cw32l031.o(i.GPIOC_IRQHandler)
    i.GPIOF_IRQHandler                       0x00000140   Section        0  interrupts_cw32l031.o(i.GPIOF_IRQHandler)
    i.GPIO_Init                              0x00000144   Section        0  cw32l031_gpio.o(i.GPIO_Init)
    i.GPIO_ReadPin                           0x00000254   Section        0  cw32l031_gpio.o(i.GPIO_ReadPin)
    i.GTIM1_IRQHandler                       0x00000266   Section        0  interrupts_cw32l031.o(i.GTIM1_IRQHandler)
    i.GTIM2_IRQHandler                       0x00000268   Section        0  interrupts_cw32l031.o(i.GTIM2_IRQHandler)
    i.HardFault_Handler                      0x0000026a   Section        0  interrupts_cw32l031.o(i.HardFault_Handler)
    i.I2C1_IRQHandler                        0x0000026e   Section        0  interrupts_cw32l031.o(i.I2C1_IRQHandler)
    i.LVD_IRQHandler                         0x00000270   Section        0  interrupts_cw32l031.o(i.LVD_IRQHandler)
    i.NMI_Handler                            0x00000272   Section        0  interrupts_cw32l031.o(i.NMI_Handler)
    i.PendSV_Handler                         0x00000274   Section        0  interrupts_cw32l031.o(i.PendSV_Handler)
    i.RCC_IRQHandler                         0x00000276   Section        0  interrupts_cw32l031.o(i.RCC_IRQHandler)
    i.RTC_IRQHandler                         0x00000278   Section        0  interrupts_cw32l031.o(i.RTC_IRQHandler)
    i.SPI1_IRQHandler                        0x0000027a   Section        0  interrupts_cw32l031.o(i.SPI1_IRQHandler)
    i.SVC_Handler                            0x0000027c   Section        0  interrupts_cw32l031.o(i.SVC_Handler)
    i.SystemCoreClockUpdate                  0x00000280   Section        0  system_cw32l031.o(i.SystemCoreClockUpdate)
    i.SystemInit                             0x00000290   Section        0  system_cw32l031.o(i.SystemInit)
    i.UART1_IRQHandler                       0x000002cc   Section        0  interrupts_cw32l031.o(i.UART1_IRQHandler)
    i.UART2_IRQHandler                       0x000002ce   Section        0  interrupts_cw32l031.o(i.UART2_IRQHandler)
    i.UART3_IRQHandler                       0x000002d0   Section        0  interrupts_cw32l031.o(i.UART3_IRQHandler)
    i.VC1_IRQHandler                         0x000002d2   Section        0  interrupts_cw32l031.o(i.VC1_IRQHandler)
    i.VC2_IRQHandler                         0x000002d4   Section        0  interrupts_cw32l031.o(i.VC2_IRQHandler)
    i.WDT_IRQHandler                         0x000002d6   Section        0  interrupts_cw32l031.o(i.WDT_IRQHandler)
    i.__scatterload_copy                     0x000002d8   Section       14  handlers.o(i.__scatterload_copy)
    i.__scatterload_null                     0x000002e6   Section        2  handlers.o(i.__scatterload_null)
    i.__scatterload_zeroinit                 0x000002e8   Section       14  handlers.o(i.__scatterload_zeroinit)
    i.main                                   0x000002f8   Section        0  main.o(i.main)
    .data                                    0x20000000   Section        4  system_cw32l031.o(.data)
    STACK                                    0x20000008   Section      512  startup_cw32l031.o(STACK)

    Global Symbols

    Symbol Name                              Value     Ov Type        Size  Object(Section)

    BuildAttributes$$THM_ISAv3M$S$PE$A:L22$X:L11$S22$IEEE1$IW$USESV6$~STKCKD$USESV7$~SHL$OSPACE$EBA8$MICROLIB$REQ8$PRES8$EABIv2 0x00000000   Number         0  anon$$obj.o ABSOLUTE
    __ARM_use_no_argv                        0x00000000   Number         0  main.o ABSOLUTE
    __Vectors                                0x00000000   Data           0  startup_cw32l031.o(RESET)
    __arm_fini_                               - Undefined Weak Reference
    __cpp_initialize__aeabi_                  - Undefined Weak Reference
    __cxa_finalize                            - Undefined Weak Reference
    __decompress                              - Undefined Weak Reference
    _clock_init                               - Undefined Weak Reference
    _microlib_exit                            - Undefined Weak Reference
    __Vectors_End                            0x000000c0   Data           0  startup_cw32l031.o(RESET)
    __Vectors_Size                           0x000000c0   Number         0  startup_cw32l031.o ABSOLUTE
    __main                                   0x000000c1   Thumb Code     0  entry.o(.ARM.Collect$$$$00000000)
    _main_stk                                0x000000c1   Thumb Code     0  entry2.o(.ARM.Collect$$$$00000001)
    _main_scatterload                        0x000000c5   Thumb Code     0  entry5.o(.ARM.Collect$$$$00000004)
    __main_after_scatterload                 0x000000c9   Thumb Code     0  entry5.o(.ARM.Collect$$$$00000004)
    _main_clock                              0x000000c9   Thumb Code     0  entry7b.o(.ARM.Collect$$$$00000008)
    _main_cpp_init                           0x000000c9   Thumb Code     0  entry8b.o(.ARM.Collect$$$$0000000A)
    _main_init                               0x000000c9   Thumb Code     0  entry9a.o(.ARM.Collect$$$$0000000B)
    __rt_lib_shutdown_fini                   0x000000d1   Thumb Code     0  entry12b.o(.ARM.Collect$$$$0000000E)
    __rt_final_cpp                           0x000000d5   Thumb Code     0  entry10a.o(.ARM.Collect$$$$0000000F)
    __rt_final_exit                          0x000000d5   Thumb Code     0  entry11a.o(.ARM.Collect$$$$00000011)
    Reset_Handler                            0x000000d9   Thumb Code    14  startup_cw32l031.o(.text)
    SysTick_Handler                          0x000000ef   Thumb Code     2  startup_cw32l031.o(.text)
    CLKFAULT_IRQHandler                      0x000000f1   Thumb Code     0  startup_cw32l031.o(.text)
    SYSCTRL_IRQHandler                       0x000000f1   Thumb Code     0  startup_cw32l031.o(.text)
    __scatterload                            0x00000101   Thumb Code    28  init.o(.text)
    __scatterload_rt2                        0x00000101   Thumb Code     0  init.o(.text)
    ADC_IRQHandler                           0x00000125   Thumb Code     2  interrupts_cw32l031.o(i.ADC_IRQHandler)
    ATIM_IRQHandler                          0x00000127   Thumb Code     2  interrupts_cw32l031.o(i.ATIM_IRQHandler)
    AWT_IRQHandler                           0x00000129   Thumb Code     2  interrupts_cw32l031.o(i.AWT_IRQHandler)
    BTIM1_IRQHandler                         0x0000012b   Thumb Code     2  interrupts_cw32l031.o(i.BTIM1_IRQHandler)
    BTIM2_IRQHandler                         0x0000012d   Thumb Code     2  interrupts_cw32l031.o(i.BTIM2_IRQHandler)
    BTIM3_IRQHandler                         0x0000012f   Thumb Code     2  interrupts_cw32l031.o(i.BTIM3_IRQHandler)
    DMACH1_IRQHandler                        0x00000131   Thumb Code     2  interrupts_cw32l031.o(i.DMACH1_IRQHandler)
    DMACH23_IRQHandler                       0x00000133   Thumb Code     2  interrupts_cw32l031.o(i.DMACH23_IRQHandler)
    DMACH4_IRQHandler                        0x00000135   Thumb Code     2  interrupts_cw32l031.o(i.DMACH4_IRQHandler)
    FAULT_IRQHandler                         0x00000137   Thumb Code     2  interrupts_cw32l031.o(i.FAULT_IRQHandler)
    FLASHRAM_IRQHandler                      0x00000139   Thumb Code     2  interrupts_cw32l031.o(i.FLASHRAM_IRQHandler)
    GPIOA_IRQHandler                         0x0000013b   Thumb Code     2  interrupts_cw32l031.o(i.GPIOA_IRQHandler)
    GPIOB_IRQHandler                         0x0000013d   Thumb Code     2  interrupts_cw32l031.o(i.GPIOB_IRQHandler)
    GPIOC_IRQHandler                         0x0000013f   Thumb Code     2  interrupts_cw32l031.o(i.GPIOC_IRQHandler)
    GPIOF_IRQHandler                         0x00000141   Thumb Code     2  interrupts_cw32l031.o(i.GPIOF_IRQHandler)
    GPIO_Init                                0x00000145   Thumb Code   268  cw32l031_gpio.o(i.GPIO_Init)
    GPIO_ReadPin                             0x00000255   Thumb Code    18  cw32l031_gpio.o(i.GPIO_ReadPin)
    GTIM1_IRQHandler                         0x00000267   Thumb Code     2  interrupts_cw32l031.o(i.GTIM1_IRQHandler)
    GTIM2_IRQHandler                         0x00000269   Thumb Code     2  interrupts_cw32l031.o(i.GTIM2_IRQHandler)
    HardFault_Handler                        0x0000026b   Thumb Code     4  interrupts_cw32l031.o(i.HardFault_Handler)
    I2C1_IRQHandler                          0x0000026f   Thumb Code     2  interrupts_cw32l031.o(i.I2C1_IRQHandler)
    LVD_IRQHandler                           0x00000271   Thumb Code     2  interrupts_cw32l031.o(i.LVD_IRQHandler)
    NMI_Handler                              0x00000273   Thumb Code     2  interrupts_cw32l031.o(i.NMI_Handler)
    PendSV_Handler                           0x00000275   Thumb Code     2  interrupts_cw32l031.o(i.PendSV_Handler)
    RCC_IRQHandler                           0x00000277   Thumb Code     2  interrupts_cw32l031.o(i.RCC_IRQHandler)
    RTC_IRQHandler                           0x00000279   Thumb Code     2  interrupts_cw32l031.o(i.RTC_IRQHandler)
    SPI1_IRQHandler                          0x0000027b   Thumb Code     2  interrupts_cw32l031.o(i.SPI1_IRQHandler)
    SVC_Handler                              0x0000027d   Thumb Code     2  interrupts_cw32l031.o(i.SVC_Handler)
    SystemCoreClockUpdate                    0x00000281   Thumb Code     8  system_cw32l031.o(i.SystemCoreClockUpdate)
    SystemInit                               0x00000291   Thumb Code    50  system_cw32l031.o(i.SystemInit)
    UART1_IRQHandler                         0x000002cd   Thumb Code     2  interrupts_cw32l031.o(i.UART1_IRQHandler)
    UART2_IRQHandler                         0x000002cf   Thumb Code     2  interrupts_cw32l031.o(i.UART2_IRQHandler)
    UART3_IRQHandler                         0x000002d1   Thumb Code     2  interrupts_cw32l031.o(i.UART3_IRQHandler)
    VC1_IRQHandler                           0x000002d3   Thumb Code     2  interrupts_cw32l031.o(i.VC1_IRQHandler)
    VC2_IRQHandler                           0x000002d5   Thumb Code     2  interrupts_cw32l031.o(i.VC2_IRQHandler)
    WDT_IRQHandler                           0x000002d7   Thumb Code     2  interrupts_cw32l031.o(i.WDT_IRQHandler)
    __scatterload_copy                       0x000002d9   Thumb Code    14  handlers.o(i.__scatterload_copy)
    __scatterload_null                       0x000002e7   Thumb Code     2  handlers.o(i.__scatterload_null)
    __scatterload_zeroinit                   0x000002e9   Thumb Code    14  handlers.o(i.__scatterload_zeroinit)
    main                                     0x000002f9   Thumb Code   206  main.o(i.main)
    Region$$Table$$Base                      0x000003dc   Number         0  anon$$obj.o(Region$$Table)
    Region$$Table$$Limit                     0x000003fc   Number         0  anon$$obj.o(Region$$Table)
    SystemCoreClock                          0x20000000   Data           4  system_cw32l031.o(.data)
    __initial_sp                             0x20000208   Data           0  startup_cw32l031.o(STACK)



==============================================================================

Memory Map of the image

  Image Entry point : 0x000000c1

  Load Region LR_IROM1 (Base: 0x00000000, Size: 0x00000400, Max: 0x00010000, ABSOLUTE)

    Execution Region ER_IROM1 (Exec base: 0x00000000, Load base: 0x00000000, Size: 0x000003fc, Max: 0x00010000, ABSOLUTE)

    Exec Addr    Load Addr    Size         Type   Attr      Idx    E Section Name        Object

    0x00000000   0x00000000   0x000000c0   Data   RO           84    RESET               startup_cw32l031.o
    0x000000c0   0x000000c0   0x00000000   Code   RO          834  * .ARM.Collect$$$$00000000  mc_p.l(entry.o)
    0x000000c0   0x000000c0   0x00000004   Code   RO          841    .ARM.Collect$$$$00000001  mc_p.l(entry2.o)
    0x000000c4   0x000000c4   0x00000004   Code   RO          844    .ARM.Collect$$$$00000004  mc_p.l(entry5.o)
    0x000000c8   0x000000c8   0x00000000   Code   RO          846    .ARM.Collect$$$$00000008  mc_p.l(entry7b.o)
    0x000000c8   0x000000c8   0x00000000   Code   RO          848    .ARM.Collect$$$$0000000A  mc_p.l(entry8b.o)
    0x000000c8   0x000000c8   0x00000008   Code   RO          849    .ARM.Collect$$$$0000000B  mc_p.l(entry9a.o)
    0x000000d0   0x000000d0   0x00000004   Code   RO          856    .ARM.Collect$$$$0000000E  mc_p.l(entry12b.o)
    0x000000d4   0x000000d4   0x00000000   Code   RO          851    .ARM.Collect$$$$0000000F  mc_p.l(entry10a.o)
    0x000000d4   0x000000d4   0x00000000   Code   RO          853    .ARM.Collect$$$$00000011  mc_p.l(entry11a.o)
    0x000000d4   0x000000d4   0x00000004   Code   RO          842    .ARM.Collect$$$$00002712  mc_p.l(entry2.o)
    0x000000d8   0x000000d8   0x00000028   Code   RO           85    .text               startup_cw32l031.o
    0x00000100   0x00000100   0x00000024   Code   RO          859    .text               mc_p.l(init.o)
    0x00000124   0x00000124   0x00000002   Code   RO          135    i.ADC_IRQHandler    interrupts_cw32l031.o
    0x00000126   0x00000126   0x00000002   Code   RO          136    i.ATIM_IRQHandler   interrupts_cw32l031.o
    0x00000128   0x00000128   0x00000002   Code   RO          137    i.AWT_IRQHandler    interrupts_cw32l031.o
    0x0000012a   0x0000012a   0x00000002   Code   RO          138    i.BTIM1_IRQHandler  interrupts_cw32l031.o
    0x0000012c   0x0000012c   0x00000002   Code   RO          139    i.BTIM2_IRQHandler  interrupts_cw32l031.o
    0x0000012e   0x0000012e   0x00000002   Code   RO          140    i.BTIM3_IRQHandler  interrupts_cw32l031.o
    0x00000130   0x00000130   0x00000002   Code   RO          141    i.DMACH1_IRQHandler  interrupts_cw32l031.o
    0x00000132   0x00000132   0x00000002   Code   RO          142    i.DMACH23_IRQHandler  interrupts_cw32l031.o
    0x00000134   0x00000134   0x00000002   Code   RO          143    i.DMACH4_IRQHandler  interrupts_cw32l031.o
    0x00000136   0x00000136   0x00000002   Code   RO          144    i.FAULT_IRQHandler  interrupts_cw32l031.o
    0x00000138   0x00000138   0x00000002   Code   RO          145    i.FLASHRAM_IRQHandler  interrupts_cw32l031.o
    0x0000013a   0x0000013a   0x00000002   Code   RO          146    i.GPIOA_IRQHandler  interrupts_cw32l031.o
    0x0000013c   0x0000013c   0x00000002   Code   RO          147    i.GPIOB_IRQHandler  interrupts_cw32l031.o
    0x0000013e   0x0000013e   0x00000002   Code   RO          148    i.GPIOC_IRQHandler  interrupts_cw32l031.o
    0x00000140   0x00000140   0x00000002   Code   RO          149    i.GPIOF_IRQHandler  interrupts_cw32l031.o
    0x00000142   0x00000142   0x00000002   PAD
    0x00000144   0x00000144   0x00000110   Code   RO          341    i.GPIO_Init         cw32l031_gpio.o
    0x00000254   0x00000254   0x00000012   Code   RO          342    i.GPIO_ReadPin      cw32l031_gpio.o
    0x00000266   0x00000266   0x00000002   Code   RO          150    i.GTIM1_IRQHandler  interrupts_cw32l031.o
    0x00000268   0x00000268   0x00000002   Code   RO          151    i.GTIM2_IRQHandler  interrupts_cw32l031.o
    0x0000026a   0x0000026a   0x00000004   Code   RO          152    i.HardFault_Handler  interrupts_cw32l031.o
    0x0000026e   0x0000026e   0x00000002   Code   RO          153    i.I2C1_IRQHandler   interrupts_cw32l031.o
    0x00000270   0x00000270   0x00000002   Code   RO          154    i.LVD_IRQHandler    interrupts_cw32l031.o
    0x00000272   0x00000272   0x00000002   Code   RO          155    i.NMI_Handler       interrupts_cw32l031.o
    0x00000274   0x00000274   0x00000002   Code   RO          156    i.PendSV_Handler    interrupts_cw32l031.o
    0x00000276   0x00000276   0x00000002   Code   RO          157    i.RCC_IRQHandler    interrupts_cw32l031.o
    0x00000278   0x00000278   0x00000002   Code   RO          158    i.RTC_IRQHandler    interrupts_cw32l031.o
    0x0000027a   0x0000027a   0x00000002   Code   RO          159    i.SPI1_IRQHandler   interrupts_cw32l031.o
    0x0000027c   0x0000027c   0x00000002   Code   RO          160    i.SVC_Handler       interrupts_cw32l031.o
    0x0000027e   0x0000027e   0x00000002   PAD
    0x00000280   0x00000280   0x00000010   Code   RO            5    i.SystemCoreClockUpdate  system_cw32l031.o
    0x00000290   0x00000290   0x0000003c   Code   RO            6    i.SystemInit        system_cw32l031.o
    0x000002cc   0x000002cc   0x00000002   Code   RO          161    i.UART1_IRQHandler  interrupts_cw32l031.o
    0x000002ce   0x000002ce   0x00000002   Code   RO          162    i.UART2_IRQHandler  interrupts_cw32l031.o
    0x000002d0   0x000002d0   0x00000002   Code   RO          163    i.UART3_IRQHandler  interrupts_cw32l031.o
    0x000002d2   0x000002d2   0x00000002   Code   RO          164    i.VC1_IRQHandler    interrupts_cw32l031.o
    0x000002d4   0x000002d4   0x00000002   Code   RO          165    i.VC2_IRQHandler    interrupts_cw32l031.o
    0x000002d6   0x000002d6   0x00000002   Code   RO          166    i.WDT_IRQHandler    interrupts_cw32l031.o
    0x000002d8   0x000002d8   0x0000000e   Code   RO          867    i.__scatterload_copy  mc_p.l(handlers.o)
    0x000002e6   0x000002e6   0x00000002   Code   RO          868    i.__scatterload_null  mc_p.l(handlers.o)
    0x000002e8   0x000002e8   0x0000000e   Code   RO          869    i.__scatterload_zeroinit  mc_p.l(handlers.o)
    0x000002f6   0x000002f6   0x00000002   PAD
    0x000002f8   0x000002f8   0x000000e4   Code   RO           92    i.main              main.o
    0x000003dc   0x000003dc   0x00000020   Data   RO          865    Region$$Table       anon$$obj.o


    Execution Region RW_IRAM1 (Exec base: 0x20000000, Load base: 0x000003fc, Size: 0x00000208, Max: 0x00002000, ABSOLUTE)

    Exec Addr    Load Addr    Size         Type   Attr      Idx    E Section Name        Object

    0x20000000   0x000003fc   0x00000004   Data   RW            7    .data               system_cw32l031.o
    0x20000004   0x00000400   0x00000004   PAD
    0x20000008        -       0x00000200   Zero   RW           82    STACK               startup_cw32l031.o


==============================================================================

Image component sizes


      Code (inc. data)   RO Data    RW Data    ZI Data      Debug   Object Name

       290          4          0          0          0       1851   cw32l031_gpio.o
        66          0          0          0          0      17181   interrupts_cw32l031.o
       228         22          0          0          0      51011   main.o
        40         14        192          0        512        704   startup_cw32l031.o
        76         18          0          4          0     111827   system_cw32l031.o

    ----------------------------------------------------------------------
       704         58        224          4        516     182574   Object Totals
         0          0         32          0          0          0   (incl. Generated)
         4          0          0          0          4          0   (incl. Padding)

    ----------------------------------------------------------------------

      Code (inc. data)   RO Data    RW Data    ZI Data      Debug   Library Member Name

         0          0          0          0          0          0   entry.o
         0          0          0          0          0          0   entry10a.o
         0          0          0          0          0          0   entry11a.o
         4          0          0          0          0          0   entry12b.o
         8          4          0          0          0          0   entry2.o
         4          0          0          0          0          0   entry5.o
         0          0          0          0          0          0   entry7b.o
         0          0          0          0          0          0   entry8b.o
         8          4          0          0          0          0   entry9a.o
        30          0          0          0          0          0   handlers.o
        36          8          0          0          0         68   init.o

    ----------------------------------------------------------------------
        92         16          0          0          0         68   Library Totals
         2          0          0          0          0          0   (incl. Padding)

    ----------------------------------------------------------------------

      Code (inc. data)   RO Data    RW Data    ZI Data      Debug   Library Name

        90         16          0          0          0         68   mc_p.l

    ----------------------------------------------------------------------
        92         16          0          0          0         68   Library Totals

    ----------------------------------------------------------------------

==============================================================================


      Code (inc. data)   RO Data    RW Data    ZI Data      Debug   

       796         74        224          4        516     181342   Grand Totals
       796         74        224          4        516     181342   ELF Image Totals
       796         74        224          4          0          0   ROM Totals

==============================================================================

    Total RO  Size (Code + RO Data)                 1020 (   1.00kB)
    Total RW  Size (RW Data + ZI Data)               520 (   0.51kB)
    Total ROM Size (Code + RO Data + RW Data)       1024 (   1.00kB)

==============================================================================

