<html>
<body>
<pre>
<h1>礦ision Build Log</h1>
<h2>Tool Versions:</h2>
IDE-Version: μVision V5.33.0.0
Copyright (C) 2020 ARM Ltd and ARM Germany GmbH. All rights reserved.
License Information: 四石先生,  , LIC=ZB4EI-T3NK6-NN8AF-61D08-GP918-IXZFE
 
Tool Versions:
Toolchain:       MDK-ARM Plus  Version: 5.33.0.0
Toolchain Path:  D:\soft\work\STM 32\KEIL\KEIL5\Keil_v5\ARM\ARMCC\Bin
C Compiler:      Armcc.exe V5.06 update 7 (build 960)
Assembler:       Armasm.exe V5.06 update 7 (build 960)
Linker/Locator:  ArmLink.exe V5.06 update 7 (build 960)
Library Manager: ArmAr.exe V5.06 update 7 (build 960)
Hex Converter:   FromElf.exe V5.06 update 7 (build 960)
CPU DLL:         SARMCM3.DLL V5.33.0.0
Dialog DLL:      DARMCM1.DLL V1.19.4.0
Target DLL:      CMSIS_AGDI.dll V1.32.12.0
Dialog DLL:      TARMCM1.DLL V1.14.3.0
 
<h2>Project:</h2>
E:\STM 32\UET\CW32\CW32L031\CW32L031_StandardPeripheralLib_V12\cw32l031-stdperiph-lib\Examples\GPIO\gpio_blink\MDK\Project.uvprojx
Project File Date:  04/10/2023

<h2>Output:</h2>
*** Using Compiler 'V5.06 update 7 (build 960)', folder: 'D:\soft\work\STM 32\KEIL\KEIL5\Keil_v5\ARM\ARMCC\Bin'
Rebuild target 'Project'
assembling startup_cw32l031.s...
compiling interrupts_cw32l031.c...
compiling system_cw32l031.c...
compiling cw32l031_gpio.c...
compiling cw32l031_flash.c...
compiling main.c...
compiling cw32l031_rcc.c...
linking...
Program Size: Code=812 RO-data=224 RW-data=4 ZI-data=516  
FromELF: creating hex file...
".\output\exe\Project.axf" - 0 Error(s), 0 Warning(s).

<h2>Software Packages used:</h2>

Package Vendor: ARM
                http://www.keil.com/pack/ARM.CMSIS.5.7.0.pack
                ARM.CMSIS.5.7.0
                CMSIS (Cortex Microcontroller Software Interface Standard)
   * Component: CORE Version: 5.4.0

Package Vendor: WHXY
                
                WHXY.CW32L031_DFP.1.0.2
                CW32 ARM Cortex-M0+ Device Family Pack

<h2>Collection of Component include folders:</h2>
  .\RTE\_Project
  D:\soft\work\STM 32\KEIL\KEIL5\Keil_v5\ARM\PACK\ARM\CMSIS\5.7.0\CMSIS\Core\Include
  D:\soft\work\STM 32\KEIL\KEIL5\Keil_v5\ARM\PACK\WHXY\CW32L031_DFP\1.0.2\Device\Include

<h2>Collection of Component Files used:</h2>

   * Component: ARM::CMSIS:CORE:5.4.0
Build Time Elapsed:  00:00:01
</pre>
</body>
</html>
